
> tyukod.hu@0.1.0 build
> next build

   Ôľ▓ Next.js 15.5.12
   - Environments: .env.local, .env

   Creating an optimized production build ...
 Ôťô Compiled successfully in 30.4s
   Linting and checking validity of types ...
node.exe : Failed to compile.
At C:\Program Files\nodejs\npm.ps1:29 char:3
+   & $NODE_EXE $NPM_CLI_JS $args
+   ~~~~~~~~~~~~~~~~~~~~~~~~~~~~~
    + CategoryInfo          : NotSpecified: (Failed  
   to compile.:String) [], RemoteException
    + FullyQualifiedErrorId : NativeCommandError
 

./app/(public)/terkep/client-page.tsx:8:15
Type error: Module '"@/components/MapComponent"' has 
no exported member 'MapMarker'. Did you mean to use '
import MapMarker from "@/components/MapComponent"' in
stead?

[0m [90m  6 |[39m [36mimport[39m { clsx[33m,[3
9m type [33mClassValue[39m } [36mfrom[39m [32m"c
lsx"[39m[33m;[39m
 [90m  7 |[39m [36mimport[39m { twMerge } [36mfr
om[39m [32m"tailwind-merge"[39m[33m;[39m
[31m[1m>[22m[39m[90m  8 |[39m [36mimport[39m 
type { [33mMapMarker[39m[33m,[39m [33mMapRef[39
m } [36mfrom[39m [32m"@/components/MapComponent"[
39m[33m;[39m
 [90m    |[39m               [31m[1m^[22m[39m
 [90m  9 |[39m
 [90m 10 |[39m [36mfunction[39m cn([33m...[39mi
nputs[33m:[39m [33mClassValue[39m[]) {
 [90m 11 |[39m   [36mreturn[39m twMerge(clsx(inpu
ts))[33m;[39m[0m
Next.js build worker exited with code: 1 and signal: 
null
