
> tyukod.hu@0.1.0 build
> next build

   Ôľ▓ Next.js 15.5.12
   - Environments: .env.local, .env

   Creating an optimized production build ...
node.exe :  ÔÜá Compiled with warnings in 7.8s
At C:\Program Files\nodejs\npm.ps1:29 char:3
+   & $NODE_EXE $NPM_CLI_JS $args
+   ~~~~~~~~~~~~~~~~~~~~~~~~~~~~~
    + CategoryInfo          : NotSpecified: ( ÔÜá Compiled with warnings in 7.8s:String)  
   [], RemoteException
    + FullyQualifiedErrorId : NativeCommandError
 

./pages/api/cloudinary/[...media].ts
Module not found: Can't resolve '@tinacms/auth' in 'C:\Users\kissb\Documents\tyukod.hu\pag
es\api\cloudinary'

Import trace for requested module:
./pages/api/cloudinary/[...media].ts

./pages/api/cloudinary/[...media].ts
Module not found: Can't resolve 'next-tinacms-cloudinary/dist/handlers' in 'C:\Users\kissb
\Documents\tyukod.hu\pages\api\cloudinary'

Import trace for requested module:
./pages/api/cloudinary/[...media].ts

 Ôťô Compiled successfully in 19.9s
   Linting and checking validity of types ...
Failed to compile.

./app/(public)/kapcsolat/page.tsx:257:25
Type error: Type '{ name: string; options: { value: string; label: string; }[]; value: str
ing; onChange: Dispatch<SetStateAction<string>>; placeholder: string; disabled: boolean; }
' is not assignable to type 'IntrinsicAttributes & CustomSelectProps'.
  Property 'name' does not exist on type 'IntrinsicAttributes & CustomSelectProps'.

[0m [90m 255 |[39m                       [33m<[39m[33minput[39m id[33m=[39m[32m"
email"[39m name[33m=[39m[32m"email"[39m type[33m=[39m[32m"email"[39m placeholder
[33m=[39m[32m"Email c├şm"[39m className[33m=[39m[32m"mt-1 block w-full px-4 py-3 bg-
white dark:bg-gray-700 border border-gray-300 dark:border-gray-600 rounded-md shadow-sm te
xt-gray-900 dark:text-white placeholder-gray-500 dark:placeholder-gray-400 focus:ring-ambe
r-500 focus:border-amber-500 transition-shadow duration-150"[39m disabled[33m=[39m{subm
issionStatus [33m===[39m [32m'loading'[39m [33m||[39m cooldownActive} [33m/[39m[3
3m>[39m
 [90m 256 |[39m                       [33m<[39m[33mCustomSelect[39m
[31m[1m>[22m[39m[90m 257 |[39m                         name[33m=[39m[32m"subject"
[39m
 [90m     |[39m                         [31m[1m^[22m[39m
 [90m 258 |[39m                         options[33m=[39m{[
 [90m 259 |[39m                           { value[33m:[39m [32m"├ültal├ínos ├ęrdekl┼Ĺ
d├ęs"[39m[33m,[39m label[33m:[39m [32m"├ültal├ínos ├ęrdekl┼Ĺd├ęs"[39m }[33m,[39m
 [90m 260 |[39m                           { value[33m:[39m [32m"Bejelent├ęs"[39m[33
m,[39m label[33m:[39m [32m"Bejelent├ęs"[39m }[33m,[39m[0m
Next.js build worker exited with code: 1 and signal: null
